[2022-10-17 17:46:04.859] Level:[DEBUG] [main.go]--> 14 , 这是一条测试日志 10....
[2022-10-17 17:46:04.875] Level:[INFO] [main.go]--> 15 , 这是一条测试日志 10....
[2022-10-17 17:46:04.875] Level:[ERROR] [main.go]--> 16 , error log-------------
